// Jest Snapshot v1, https://goo.gl/fbAQLP

exports[`Test SandBox Rendering snapshot 1`] = `
<div
  className="Sandbox"
>
  <div
    className="Sandbox__item"
    key="0"
  >
    test item
  </div>
</div>
`;
