// Jest Snapshot v1, https://goo.gl/fbAQLP

exports[`Test TextParagraph element Rendering snapshot 1`] = `ShallowWrapper {}`;
