// Jest Snapshot v1, https://goo.gl/fbAQLP

exports[`Test TextParagraph element Rendering snapshot H1 1`] = `
<h1
  className="Text Text--heading-h1 Text--heading"
  style={Object {}}
>
  test text
</h1>
`;

exports[`Test TextParagraph element Rendering snapshot H2 1`] = `
<h2
  className="Text Text--heading-h2 Text--heading"
  style={Object {}}
>
  test text
</h2>
`;

exports[`Test TextParagraph element Rendering snapshot H3 1`] = `
<h3
  className="Text Text--heading-h3 Text--heading"
  style={Object {}}
>
  test text
</h3>
`;

exports[`Test TextParagraph element Rendering snapshot H4 1`] = `
<h4
  className="Text Text--heading-h4 Text--heading"
  style={Object {}}
>
  test text
</h4>
`;

exports[`Test TextParagraph element Rendering snapshot H5 1`] = `
<h5
  className="Text Text--heading-h5 Text--heading"
  style={Object {}}
>
  test text
</h5>
`;

exports[`Test TextParagraph element Rendering snapshot H6 1`] = `
<h6
  className="Text Text--heading-h6 Text--heading"
  style={Object {}}
>
  test text
</h6>
`;

exports[`Test TextParagraph element Rendering snapshot Paragraph 1`] = `
<p
  className="Text Text--paragraph"
  style={Object {}}
>
  test text
</p>
`;

exports[`Test TextParagraph element Rendering snapshot Span 1`] = `
<span
  className="Text Text--span"
  style={Object {}}
>
  test text
</span>
`;
