// Jest Snapshot v1, https://goo.gl/fbAQLP

exports[`Test ToDo component Rendering snapshot 1`] = `
ShallowWrapper {
  Symbol(enzyme.__root__): [Circular],
  Symbol(enzyme.__unrendered__): <ToDo
    title={
      Array [
        "test",
        "test2",
      ]
    }
  />,
  Symbol(enzyme.__renderer__): Object {
    "batchedUpdates": [Function],
    "getNode": [Function],
    "render": [Function],
    "simulateError": [Function],
    "simulateEvent": [Function],
    "unmount": [Function],
  },
  Symbol(enzyme.__node__): Object {
    "instance": null,
    "key": undefined,
    "nodeType": "host",
    "props": Object {
      "children": Array [
        <h1>
          test
        </h1>,
        <h1>
          test2
        </h1>,
      ],
      "className": "Todo",
    },
    "ref": null,
    "rendered": Array [
      Object {
        "instance": null,
        "key": "0",
        "nodeType": "host",
        "props": Object {
          "children": "test",
        },
        "ref": null,
        "rendered": "test",
        "type": "h1",
      },
      Object {
        "instance": null,
        "key": "1",
        "nodeType": "host",
        "props": Object {
          "children": "test2",
        },
        "ref": null,
        "rendered": "test2",
        "type": "h1",
      },
    ],
    "type": "div",
  },
  Symbol(enzyme.__nodes__): Array [
    Object {
      "instance": null,
      "key": undefined,
      "nodeType": "host",
      "props": Object {
        "children": Array [
          <h1>
            test
          </h1>,
          <h1>
            test2
          </h1>,
        ],
        "className": "Todo",
      },
      "ref": null,
      "rendered": Array [
        Object {
          "instance": null,
          "key": "0",
          "nodeType": "host",
          "props": Object {
            "children": "test",
          },
          "ref": null,
          "rendered": "test",
          "type": "h1",
        },
        Object {
          "instance": null,
          "key": "1",
          "nodeType": "host",
          "props": Object {
            "children": "test2",
          },
          "ref": null,
          "rendered": "test2",
          "type": "h1",
        },
      ],
      "type": "div",
    },
  ],
  Symbol(enzyme.__options__): Object {
    "adapter": ReactSixteenAdapter {
      "options": Object {
        "enableComponentDidUpdateOnSetState": true,
        "lifecycles": Object {
          "componentDidUpdate": Object {
            "onSetState": true,
          },
          "getDerivedStateFromProps": true,
          "getSnapshotBeforeUpdate": true,
          "setState": Object {
            "skipsComponentDidUpdateOnNullish": true,
          },
        },
      },
    },
  },
}
`;
